
> flow-finance@0.9.4 test
> node scripts/run-vitest-stable.mjs

[vitest-stable] Running chunk 1/5 with 38 files
[vitest-stable] Running chunk 2/5 with 38 files
[vitest-stable] Running chunk 3/5 with 37 files
[vitest-stable] Running chunk 4/5 with 37 files
[vitest-stable] Running chunk 5/5 with 1 files
[vitest-stable] Completed 151 test files across 5 chunk(s).
